[1m[92m    Updating[0m crates.io index
[1m[92m   Compiling[0m proc-macro2 v1.0.107
[1m[92m   Compiling[0m autocfg v1.5.1
[1m[92m   Compiling[0m unicode-ident v1.0.24
[1m[92m   Compiling[0m quote v1.0.47
[1m[92m   Compiling[0m libm v0.2.16
[1m[92m   Compiling[0m num-traits v0.2.19
[1m[92m   Compiling[0m libc v0.2.189
[1m[92m   Compiling[0m cfg-if v1.0.4
[1m[92m   Compiling[0m bytemuck v1.25.2
[1m[92m   Compiling[0m rand_core v0.6.4
[1m[92m   Compiling[0m rand v0.8.7
[1m[92m   Compiling[0m version_check v0.9.5
[1m[92m   Compiling[0m syn v2.0.119
[1m[92m   Compiling[0m bitflags v2.13.1
[1m[92m   Compiling[0m num-complex v0.4.6
[1m[92m   Compiling[0m num-integer v0.1.46
[1m[92m   Compiling[0m zerocopy v0.8.55
[1m[92m   Compiling[0m crossbeam-utils v0.8.22
[1m[92m   Compiling[0m zerocopy-derive v0.8.55
[1m[92m   Compiling[0m crossbeam-epoch v0.9.20
[1m[92m   Compiling[0m once_cell v1.21.4
[1m[92m   Compiling[0m getrandom v0.3.4
[1m[92m   Compiling[0m crossbeam-deque v0.8.7
[1m[92m   Compiling[0m num-bigint v0.4.8
[1m[92m   Compiling[0m rayon-core v1.13.0
[1m[92m   Compiling[0m memchr v2.8.3
[1m[92m   Compiling[0m nano-gemm-codegen v0.2.1
[1m[92m   Compiling[0m either v1.17.0
[1m[92m   Compiling[0m paste v1.0.15
[1m[92m   Compiling[0m raw-cpuid v11.6.0
[1m[92m   Compiling[0m rayon v1.12.0
[1m[92m   Compiling[0m pulp v0.22.3
[1m[92m   Compiling[0m syn v3.0.3
[1m[92m   Compiling[0m reborrow v0.5.5
[1m[92m   Compiling[0m pulp-wasm-simd-flag v0.1.1
[1m[92m   Compiling[0m matrixmultiply v0.3.11
[1m[92m   Compiling[0m seq-macro v0.3.6
[1m[92m   Compiling[0m serde_core v1.0.229
[1m[92m   Compiling[0m dyn-stack-macros v0.1.3
[1m[92m   Compiling[0m ucd-trie v0.1.7
[1m[92m   Compiling[0m rawpointer v0.2.1
[1m[92m   Compiling[0m typenum v1.20.1
[1m[92m   Compiling[0m dyn-stack v0.13.2
[1m[92m   Compiling[0m pest v2.8.8
[1m[92m   Compiling[0m syn v1.0.109
[1m[92m   Compiling[0m pest_meta v2.8.8
[1m[92m   Compiling[0m gemm-common v0.19.0
[1m[92m   Compiling[0m ahash v0.8.12
[1m[92m   Compiling[0m bytes v1.12.1
[1m[92m   Compiling[0m nano-gemm-core v0.2.1
[1m[92m   Compiling[0m cpufeatures v0.3.0
[1m[92m   Compiling[0m serde v1.0.229
[1m[92m   Compiling[0m pest_generator v2.8.8
[1m[92m   Compiling[0m serde_derive v1.0.229
[1m[92m   Compiling[0m arrow-schema v59.1.0
[1m[92m   Compiling[0m thiserror v2.0.19
[1m[92m   Compiling[0m iana-time-zone v0.1.65
[1m[92m   Compiling[0m chrono v0.4.45
[1m[92m   Compiling[0m interpol v0.2.1
[1m[92m   Compiling[0m pest_derive v2.8.8
[1m[92m   Compiling[0m half v2.7.1
[1m[92m   Compiling[0m ppv-lite86 v0.2.21
[1m[92m   Compiling[0m arrow-buffer v59.1.0
[1m[92m   Compiling[0m hybrid-array v0.4.13
[1m[92m   Compiling[0m arrow-data v59.1.0
[1m[92m   Compiling[0m thiserror-impl v2.0.19
[1m[92m   Compiling[0m nano-gemm-c32 v0.2.1
[1m[92m   Compiling[0m nano-gemm-c64 v0.2.1
[1m[92m   Compiling[0m nano-gemm-f64 v0.2.1
[1m[92m   Compiling[0m nano-gemm-f32 v0.2.1
[1m[92m   Compiling[0m rand_core v0.9.5
[1m[92m   Compiling[0m crossbeam-channel v0.5.16
[1m[92m   Compiling[0m crossbeam-queue v0.3.13
[1m[92m   Compiling[0m equator-macro v0.4.2
[1m[92m   Compiling[0m defer v0.2.1
[1m[92m   Compiling[0m hashbrown v0.17.1
[1m[92m   Compiling[0m arrow-array v59.1.0
[1m[92m   Compiling[0m private-gemm-x86 v0.1.20
[1m[92m   Compiling[0m equator v0.4.2
[1m[92m   Compiling[0m crossbeam v0.8.4
[1m[92m   Compiling[0m rand_chacha v0.9.0
[1m[92m   Compiling[0m py_literal v0.4.0
[1m[92m   Compiling[0m atomic-wait v1.1.0
[1m[92m   Compiling[0m equator-macro v0.2.1
[1m[92m   Compiling[0m ndarray v0.17.2
[1m[92m   Compiling[0m rand_core v0.10.1
[1m[92m   Compiling[0m byteorder v1.5.0
[1m[92m   Compiling[0m zmij v1.0.23
[1m[92m   Compiling[0m itoa v1.0.18
[1m[92m   Compiling[0m getrandom v0.4.3
[1m[92m   Compiling[0m jobserver v0.1.35
[1m[92m   Compiling[0m spindle v0.2.6
[1m[92m   Compiling[0m equator v0.2.2
[1m[92m   Compiling[0m rand v0.9.5
[1m[92m   Compiling[0m crypto-common v0.2.2
[1m[92m   Compiling[0m block-buffer v0.12.1
[1m[92m   Compiling[0m gemm-c32 v0.19.0
[1m[92m   Compiling[0m gemm-f64 v0.19.0
[1m[92m   Compiling[0m gemm-f32 v0.19.0
[1m[92m   Compiling[0m gemm-c64 v0.19.0
[1m[92m   Compiling[0m qd v0.8.0
[1m[92m   Compiling[0m num_cpus v1.17.0
[1m[92m   Compiling[0m safe_arch v1.1.0
[1m[92m   Compiling[0m equator-macro v0.6.0
[1m[92m   Compiling[0m const-oid v0.10.2
[1m[92m   Compiling[0m log v0.4.33
[1m[92m   Compiling[0m generativity v1.2.1
[1m[92m   Compiling[0m serde_json v1.0.151
[1m[92m   Compiling[0m find-msvc-tools v0.1.9
[1m[92m   Compiling[0m shlex v2.0.1
[1m[92m   Compiling[0m faer-traits v0.24.0
[1m[92m   Compiling[0m equator v0.6.0
[1m[92m   Compiling[0m cc v1.4.0
[1m[92m   Compiling[0m wide v1.5.0
[1m[92m   Compiling[0m digest v0.11.3
[1m[92m   Compiling[0m gemm v0.19.0
[1m[92m   Compiling[0m nano-gemm v0.2.2
[1m[92m   Compiling[0m rand_distr v0.5.1
[1m[92m   Compiling[0m npyz v0.8.4
[1m[92m   Compiling[0m chacha20 v0.10.1
[1m[92m   Compiling[0m approx v0.5.1
[1m[92m   Compiling[0m pkg-config v0.3.33
[1m[92m   Compiling[0m lexical-util v1.0.7
[1m[92m   Compiling[0m zstd-sys v2.0.16+zstd.1.5.7
[1m[92m   Compiling[0m rand v0.10.2
[1m[92m   Compiling[0m simba v0.10.0
[1m[92m   Compiling[0m sha2 v0.11.0
[1m[92m   Compiling[0m arrow-select v59.1.0
[1m[92m   Compiling[0m sysinfo v0.39.6
[1m[92m   Compiling[0m num-rational v0.4.2
[1m[92m   Compiling[0m semver v1.0.28
[1m[92m   Compiling[0m gam-runtime v0.3.151 (/home/runner/work/gam/gam/crates/gam-runtime)
[1m[92m   Compiling[0m rustc_version v0.4.1
[1m[92m   Compiling[0m nalgebra v0.35.0
[1m[92m   Compiling[0m flatbuffers v25.12.19
[1m[92m   Compiling[0m lexical-parse-integer v1.0.6
[1m[92m   Compiling[0m lexical-write-integer v1.0.6
[1m[92m   Compiling[0m aho-corasick v1.1.4
[1m[92m   Compiling[0m statrs v0.19.0
[1m[92m   Compiling[0m bumpalo v3.20.3
[1m[92m   Compiling[0m regex-syntax v0.8.11
[1m[92m   Compiling[0m zstd-safe v7.2.4
[1m[92m   Compiling[0m gam-math v0.3.151 (/home/runner/work/gam/gam/crates/gam-math)
[1m[92m   Compiling[0m faer v0.24.4
[1m[92m   Compiling[0m regex-automata v0.4.16
[1m[92m   Compiling[0m lexical-write-float v1.0.6
[1m[92m   Compiling[0m lexical-parse-float v1.0.6
[1m[92m   Compiling[0m snap v1.1.2
[1m[92m   Compiling[0m cudarc v0.19.8
[1m[92m   Compiling[0m ryu v1.0.23
[1m[92m   Compiling[0m base64 v0.22.1
[1m[92m   Compiling[0m regex v1.13.1
[1m[92m   Compiling[0m lexical-core v1.0.6
[1m[92m   Compiling[0m arrow-ord v59.1.0
[1m[92m   Compiling[0m gam-spec v0.3.151 (/home/runner/work/gam/gam/crates/gam-spec)
[1m[92m   Compiling[0m gam-linalg v0.3.151 (/home/runner/work/gam/gam/crates/gam-linalg)
[1m[92m   Compiling[0m opt v0.5.15 (https://github.com/SauersML/opt.git?rev=245c5d25e74f0bbc038cfb8aabbed3a9434cf9c9#245c5d25)
[1m[92m   Compiling[0m atoi v2.0.0
[1m[92m   Compiling[0m libloading v0.9.0
[1m[92m   Compiling[0m twox-hash v2.1.3
[1m[92m   Compiling[0m lz4_flex v0.13.1
[1m[92m   Compiling[0m arrow-cast v59.1.0
[1m[92m   Compiling[0m arrow-string v59.1.0
[1m[92m   Compiling[0m arrow-ipc v59.1.0
[1m[92m   Compiling[0m arrow-row v59.1.0
[1m[92m   Compiling[0m arrow-arith v59.1.0
[1m[92m   Compiling[0m csv-core v0.1.13
[1m[92m   Compiling[0m arrow v59.1.0
[1m[92m   Compiling[0m csv v1.4.0
[1m[92m   Compiling[0m npyz v0.9.1
[1m[92m   Compiling[0m memmap2 v0.9.11
[1m[92m   Compiling[0m smallvec v1.15.2
[1m[92m   Compiling[0m zstd v0.13.3
[1m[92m   Compiling[0m parquet v59.1.0
[1m[92m   Compiling[0m gam-data v0.3.149 (/home/runner/work/gam/gam/crates/gam-data)
[1m[92m   Compiling[0m gam-geometry v0.3.151 (/home/runner/work/gam/gam/crates/gam-geometry)
[1m[92m   Compiling[0m gam-gpu v0.3.151 (/home/runner/work/gam/gam/crates/gam-gpu)
[1m[92m   Compiling[0m gam-problem v0.3.151 (/home/runner/work/gam/gam/crates/gam-problem)
[1m[92m   Compiling[0m gam-model-api v0.3.151 (/home/runner/work/gam/gam/crates/gam-model-api)
[1m[92m   Compiling[0m gam-terms v0.3.151 (/home/runner/work/gam/gam/crates/gam-terms)
[1m[92m   Compiling[0m gam-identifiability v0.3.151 (/home/runner/work/gam/gam/crates/gam-identifiability)
[1m[92m   Compiling[0m gam-solve v0.3.151 (/home/runner/work/gam/gam/crates/gam-solve)
[1m[92m   Compiling[0m gam-sae v0.3.151 (/home/runner/work/gam/gam/crates/gam-sae)
[1m[92m    Finished[0m `test` profile [optimized + debuginfo] target(s) in 10m 33s
[1m[92m  Executable[0m unittests src/lib.rs (target/debug/deps/gam_sae-5dcb5c82674e2cc0)
